// Jest Snapshot v1, https://goo.gl/fbAQLP

exports[`deepRemoveEmpty 1`] = `
Object {
  "a": Object {
    "b": 1,
    "c": Object {
      "a": 1,
      "int": 0,
      "str": "",
    },
  },
}
`;
